# Чемпион M1: topk4_sen08 (25 классов, RN50 2048d)

**Дата:** 2026-08-13
**Результат:** P@25cls = 91.60% | avg forgetting = 3.19pp | прототипов = 1250
**Артефакт:** `champions/m1_topk4_sen08.npz` (prototypes + labels; конфиг здесь)

## Команда воспроизведения

```bash
cd ~/Projects/309I
.venv/bin/python benchmarks/run_m1_final.py
```

## Конфиг

```python
PrototypicalMemory(
    feature_dim=2048,          # RN50 GAP, кэш data/rn50_2048.npz (из CORAL)
    threshold=0.0,             # косинусы RN50-пар близки (0.4-0.6), filter не срабатывает
    topk=4,                    # per-class top-k
    never_update=True,         # 0% механического забывания
    seniority_bonus=0.08,      # flat-бонус старым классам
)
# данные: классы 0-24, 50 train / 30 test на класс
# фазы: [[0],[1],...,[24]] — по одному классу (протокол CORAL)
```

## Почему эта конфигурация

| Абляция | P@last | avg forg |
|---|---:|---:|
| base topk8 t0 | 90.53% | 5.28pp |
| **topk4** | **91.20%** | 4.58pp |
| topk16 | 90.40% | 5.14pp |
| t0.08 / t0.20 | 90.53% | 5.28pp (нет эффекта) |
| exemplar20 | 90.67% | 5.14pp (+0.14pp, цена 5x время) |
| **topk4 + sen0.08 (чемпион)** | **91.60%** | **3.19pp** |

- topk4 лучше 8/16: меньше шума от дальних прототипов класса.
- threshold 0.0-0.5 не влияет: межиндивидуальные косинусы RN50 лежат в 0.4-0.6,
  внутриклассовые выше — любой разумный порог либо всех пропускает, либо всех режет.
- seniority 0.08: −1.4pp forgetting при +0.4pp точности.

## Диагностика забывания

Забывание структурное (confusion-пары мини-ImageNet), не механическое:
cls0→1/22 (19+2 семпла), cls1→8 (19), cls13→15, cls22→23/24.
Прототипы заморожены (never_update) — память не дрейфует; ошибки появляются,
когда новые похожие классы входят в игру. Это не лечится seniority полностью —
нужны аугментации или метрическое пространство (план M2/CONCEPT §10).
