# Чемпион M2: topk4_sen08 на 100 классах (RN50 2048d)

**Дата:** 2026-08-13
**Результат:** P@100cls = 80.03% | avg forgetting = 3.89pp | cls0 = 13.33pp | 5000 прототипов | 7.5 с
**Oracle (линейный probe, все классы сразу):** 86.50% → зазор инкрементальности 6.5pp
**Артефакт:** `champions/m2_topk4_sen08_100cls.npz`

## Команда воспроизведения

```bash
cd ~/Projects/309I
.venv/bin/python benchmarks/run_m2_100cls.py
```

## Конфиг

```python
PrototypicalMemory(
    feature_dim=2048,          # RN50 GAP, кэш data/rn50_2048.npz (из CORAL)
    threshold=0.0,
    topk=4,
    never_update=True,
    seniority_bonus=0.08,
)
# 100 классов, 50 train / 30 test на класс
# фазы: 10 × 10 классов (протокол CORAL)
```

## Сравнение с родительскими проектами

| Система | P@last (100cls) | forgetting | Примечание |
|---|---:|---|---|
| CORAL proto-only (RN50) | 68.0% | — | SDR-обвязка CORAL |
| CORAL hybrid probe+proto | 85.4% | cls0 −13.3pp | probe делает почти всё |
| **ZF-Proto (этот)** | **80.03%** | avg 3.89pp | только прототипы, без probe |

## Seniority sweep (M2b) — торговля точность/забывание

| topk | sen | P@last | avg forg | cls0 |
|---:|---:|---:|---:|---:|
| 4 | 0.0 | 81.10% | 6.41pp | 13.33pp |
| 4 | 0.08 | 80.03% | 3.89pp | 13.33pp |
| 4 | 0.15 | 78.40% | 1.63pp | 13.33pp |
| 4 | 0.2 | 77.20% | 0.37pp | 13.33pp |
| 2 | 0.15 | 77.37% | 1.96pp | 10.00pp |

**Вывод:** одной ручкой обе цели M2 (≥80% И ≤1pp) не достигаются.
Seniority не лечит cls0: бонус даётся всем старым классам одинаково,
а cls0 путается со старыми cls1/cls22 — относительный порядок не меняется.
Следующий рычаг — аугментация 4× (плотнее покрытие confusion-пар).
