# Чемпион M6c: гибрид память+probe на DINOv2 aug4 (topk16, α=0.2)

**Дата:** 2026-08-23
**Результат:** P@100cls = **91.03%** | avg forgetting = 3.56pp | cls0 = 10.00pp | 20000 прототипов | 78 с
**Артефакт:** `champions/m6c_hybrid_dinov2aug4_topk16_a02.npz` (+ probe переобучается детерминированно из памяти)
**Кэш:** `data/dinov2_384_aug4.npz` (аугментация 4× CORAL seed=42, порт верифицирован cosine=1.0)

## Команда воспроизведения

```bash
cd ~/Projects/309I
.venv/bin/python benchmarks/run_m6c_hybrid.py      # сетка α
.venv/bin/python benchmarks/save_m6c_champion.py   # чемпион α=0.2
```

## Конфиг

```python
mem = PrototypicalMemory(feature_dim=384, threshold=0.0, topk=16,
                         never_update=True)          # память: aug4 → 20000 прототипов
# после каждой фазы: LogisticRegression(max_iter=1000, C=1.0)
#   обучается ТОЛЬКО на прототипах памяти (система не выходит за своё содержимое)
# скор = 0.2·P_probe_norm + 0.8·S_memory_norm   (матрицы классов, row-normalized)
```

## Сетка M6c (α = вес probe)

| α | P@last | avg forg |
|---:|---:|---:|
| 0.0 (чистая память) | 88.60% | 4.37pp |
| **0.2** | **91.03%** | 3.56pp |
| 0.4–1.0 (probe-доминирование) | 90.97–91.00% | ~3.6pp |

## Ключевые выводы

1. **CORAL превзойдён: 91.03% против 90.0%.** Память ZF-Proto остаётся ядром;
   probe обучается строго на её содержимом — честный CL в терминах системы.
2. Чистая память (α=0) сходится с M6 (88.60%) — санити фьюжна пройден.
3. **Цена гибрида:** cls0 forgetting 10.00pp против 0.00pp у чистой памяти (M5).
   Probe дрейфует при расширении на 100 классов; фьюжн наследует часть дрейфа.
   Выбор конфигурации — за задачей: максимальная точность → M6c,
   гарантированное удержание старых классов → M5.

## Сравнение с CORAL (miniImageNet 100cls)

| Система | P@last | Механика |
|---|---:|---|
| **ZF-Proto M6c (этот)** | **91.03%** | прототипы 20k + probe от памяти, α=0.2 |
| CORAL champion | 90.0% | probe + max-vote + replay buf20 |
| ZF-Proto M5 (чистая память) | 88.40% | только прототипы, cls0 forg 0 |
| CORAL rn50-hybrid | 85.1% | linear probe |
